start 2026-10-07T05:17:36Z so 27e6fca16be550f4
venv 0.32.4.dev202610070341+e034673d
venv-land 0.32.4.dev202610070516+60388f09
family rc=0 [doctest] test cases:       28 |       28 passed | 0 failed | 0 skipped [doctest] assertions: 82942530 | 82942530 passed | 0 failed | 
== mlx venv r1
{"k": "host", "chip": "apple,j316c", "system": "Linux-7.1.12-2-11.38-sep-ARCH-aarch64-with-glibc2.43", "mlx": "0.32.4.dev202610070341+e034673d", "device": "Device(gpu, 0)"}
{"k": "time", "cell": "nn4096", "dtype": "mlx.core.float16", "m": 4096, "n": 4096, "kdim": 4096, "a_t": false, "b_t": false, "median_us": 23168.2, "tflops": 5.932, "tflops_best": 6.118}
{"k": "time", "cell": "nt4096", "dtype": "mlx.core.float16", "m": 4096, "n": 4096, "kdim": 4096, "a_t": false, "b_t": true, "median_us": 54738.5, "tflops": 2.511, "tflops_best": 2.593}
{"k": "time", "cell": "nt512", "dtype": "mlx.core.float16", "m": 512, "n": 4096, "kdim": 4096, "a_t": false, "b_t": true, "median_us": 4109.4, "tflops": 4.181, "tflops_best": 4.299}
{"k": "time", "cell": "tn4096", "dtype": "mlx.core.float16", "m": 4096, "n": 4096, "kdim": 4096, "a_t": true, "b_t": false, "median_us": 28509.0, "tflops": 4.821, "tflops_best": 5.066}
{"k": "time", "cell": "nt512k4104", "dtype": "mlx.core.float16", "m": 512, "n": 4096, "kdim": 4104, "a_t": false, "b_t": true, "median_us": 4350.1, "tflops": 3.957, "tflops_best": 4.121}
{"k": "time", "cell": "bf16_nn4096", "dtype": "mlx.core.bfloat16", "m": 4096, "n": 4096, "kdim": 4096, "a_t": false, "b_t": false, "median_us": 51585.0, "tflops": 2.664, "tflops_best": 2.668}
{"k": "time", "cell": "bf16_nt4096", "dtype": "mlx.core.bfloat16", "m": 4096, "n": 4096, "kdim": 4096, "a_t": false, "b_t": true, "median_us": 42812.8, "tflops": 3.21, "tflops_best": 3.221}
{"k": "time", "cell": "f32_nn4096", "dtype": "mlx.core.float32", "m": 4096, "n": 4096, "kdim": 4096, "a_t": false, "b_t": false, "median_us": 51133.5, "tflops": 2.688, "tflops_best": 2.771}
{"k": "time", "cell": "f32_nt4096", "dtype": "mlx.core.float32", "m": 4096, "n": 4096, "kdim": 4096, "a_t": false, "b_t": true, "median_us": 84919.0, "tflops": 1.618, "tflops_best": 1.688}
{"k": "time", "cell": "transpose4096_f16", "median_us": 1488.7, "gb_s": 45.1}
{"k": "time", "cell": "q4_gate512", "m": 512, "n": 6144, "kdim": 2048, "median_us": 2713.1, "tflops": 4.749, "out_sha": "45c80660b32430fc"}
{"k": "time", "cell": "q4_down512", "m": 512, "n": 2048, "kdim": 6144, "median_us": 3091.8, "tflops": 4.167, "out_sha": "7046774e5d46b5dc"}
== mlx venv-land r1
{"k": "host", "chip": "apple,j316c", "system": "Linux-7.1.12-2-11.38-sep-ARCH-aarch64-with-glibc2.43", "mlx": "0.32.4.dev202610070516+60388f09", "device": "Device(gpu, 0)"}
{"k": "time", "cell": "nn4096", "dtype": "mlx.core.float16", "m": 4096, "n": 4096, "kdim": 4096, "a_t": false, "b_t": false, "median_us": 22648.6, "tflops": 6.068, "tflops_best": 6.206}
{"k": "time", "cell": "nt4096", "dtype": "mlx.core.float16", "m": 4096, "n": 4096, "kdim": 4096, "a_t": false, "b_t": true, "median_us": 21367.3, "tflops": 6.432, "tflops_best": 6.462}
{"k": "time", "cell": "nt512", "dtype": "mlx.core.float16", "m": 512, "n": 4096, "kdim": 4096, "a_t": false, "b_t": true, "median_us": 3205.4, "tflops": 5.36, "tflops_best": 5.466}
{"k": "time", "cell": "tn4096", "dtype": "mlx.core.float16", "m": 4096, "n": 4096, "kdim": 4096, "a_t": true, "b_t": false, "median_us": 19329.2, "tflops": 7.11, "tflops_best": 7.123}
{"k": "time", "cell": "nt512k4104", "dtype": "mlx.core.float16", "m": 512, "n": 4096, "kdim": 4104, "a_t": false, "b_t": true, "median_us": 3351.3, "tflops": 5.136, "tflops_best": 5.226}
{"k": "time", "cell": "bf16_nn4096", "dtype": "mlx.core.bfloat16", "m": 4096, "n": 4096, "kdim": 4096, "a_t": false, "b_t": false, "median_us": 51646.7, "tflops": 2.661, "tflops_best": 2.67}
{"k": "time", "cell": "bf16_nt4096", "dtype": "mlx.core.bfloat16", "m": 4096, "n": 4096, "kdim": 4096, "a_t": false, "b_t": true, "median_us": 42878.8, "tflops": 3.205, "tflops_best": 3.222}
{"k": "time", "cell": "f32_nn4096", "dtype": "mlx.core.float32", "m": 4096, "n": 4096, "kdim": 4096, "a_t": false, "b_t": false, "median_us": 51133.9, "tflops": 2.688, "tflops_best": 2.79}
{"k": "time", "cell": "f32_nt4096", "dtype": "mlx.core.float32", "m": 4096, "n": 4096, "kdim": 4096, "a_t": false, "b_t": true, "median_us": 85339.3, "tflops": 1.61, "tflops_best": 1.67}
{"k": "time", "cell": "transpose4096_f16", "median_us": 1485.5, "gb_s": 45.2}
{"k": "time", "cell": "q4_gate512", "m": 512, "n": 6144, "kdim": 2048, "median_us": 2752.6, "tflops": 4.681, "out_sha": "45c80660b32430fc"}
{"k": "time", "cell": "q4_down512", "m": 512, "n": 2048, "kdim": 6144, "median_us": 3149.9, "tflops": 4.091, "out_sha": "7046774e5d46b5dc"}
== mlx venv r2
{"k": "host", "chip": "apple,j316c", "system": "Linux-7.1.12-2-11.38-sep-ARCH-aarch64-with-glibc2.43", "mlx": "0.32.4.dev202610070341+e034673d", "device": "Device(gpu, 0)"}
{"k": "time", "cell": "nn4096", "dtype": "mlx.core.float16", "m": 4096, "n": 4096, "kdim": 4096, "a_t": false, "b_t": false, "median_us": 22384.3, "tflops": 6.14, "tflops_best": 6.269}
{"k": "time", "cell": "nt4096", "dtype": "mlx.core.float16", "m": 4096, "n": 4096, "kdim": 4096, "a_t": false, "b_t": true, "median_us": 52192.5, "tflops": 2.633, "tflops_best": 2.754}
{"k": "time", "cell": "nt512", "dtype": "mlx.core.float16", "m": 512, "n": 4096, "kdim": 4096, "a_t": false, "b_t": true, "median_us": 4224.5, "tflops": 4.067, "tflops_best": 4.316}
{"k": "time", "cell": "tn4096", "dtype": "mlx.core.float16", "m": 4096, "n": 4096, "kdim": 4096, "a_t": true, "b_t": false, "median_us": 26876.8, "tflops": 5.114, "tflops_best": 5.42}
{"k": "time", "cell": "nt512k4104", "dtype": "mlx.core.float16", "m": 512, "n": 4096, "kdim": 4104, "a_t": false, "b_t": true, "median_us": 4307.4, "tflops": 3.996, "tflops_best": 4.081}
{"k": "time", "cell": "bf16_nn4096", "dtype": "mlx.core.bfloat16", "m": 4096, "n": 4096, "kdim": 4096, "a_t": false, "b_t": false, "median_us": 51736.0, "tflops": 2.657, "tflops_best": 2.665}
{"k": "time", "cell": "bf16_nt4096", "dtype": "mlx.core.bfloat16", "m": 4096, "n": 4096, "kdim": 4096, "a_t": false, "b_t": true, "median_us": 42858.6, "tflops": 3.207, "tflops_best": 3.217}
{"k": "time", "cell": "f32_nn4096", "dtype": "mlx.core.float32", "m": 4096, "n": 4096, "kdim": 4096, "a_t": false, "b_t": false, "median_us": 50669.0, "tflops": 2.712, "tflops_best": 2.866}
{"k": "time", "cell": "f32_nt4096", "dtype": "mlx.core.float32", "m": 4096, "n": 4096, "kdim": 4096, "a_t": false, "b_t": true, "median_us": 84715.2, "tflops": 1.622, "tflops_best": 1.684}
{"k": "time", "cell": "transpose4096_f16", "median_us": 1465.2, "gb_s": 45.8}
{"k": "time", "cell": "q4_gate512", "m": 512, "n": 6144, "kdim": 2048, "median_us": 2730.3, "tflops": 4.719, "out_sha": "45c80660b32430fc"}
{"k": "time", "cell": "q4_down512", "m": 512, "n": 2048, "kdim": 6144, "median_us": 3132.0, "tflops": 4.114, "out_sha": "7046774e5d46b5dc"}
== mlx venv-land r2
{"k": "host", "chip": "apple,j316c", "system": "Linux-7.1.12-2-11.38-sep-ARCH-aarch64-with-glibc2.43", "mlx": "0.32.4.dev202610070516+60388f09", "device": "Device(gpu, 0)"}
{"k": "time", "cell": "nn4096", "dtype": "mlx.core.float16", "m": 4096, "n": 4096, "kdim": 4096, "a_t": false, "b_t": false, "median_us": 23196.1, "tflops": 5.925, "tflops_best": 6.108}
{"k": "time", "cell": "nt4096", "dtype": "mlx.core.float16", "m": 4096, "n": 4096, "kdim": 4096, "a_t": false, "b_t": true, "median_us": 21619.8, "tflops": 6.357, "tflops_best": 6.425}
{"k": "time", "cell": "nt512", "dtype": "mlx.core.float16", "m": 512, "n": 4096, "kdim": 4096, "a_t": false, "b_t": true, "median_us": 3299.7, "tflops": 5.206, "tflops_best": 5.365}
{"k": "time", "cell": "tn4096", "dtype": "mlx.core.float16", "m": 4096, "n": 4096, "kdim": 4096, "a_t": true, "b_t": false, "median_us": 19469.3, "tflops": 7.059, "tflops_best": 7.101}
{"k": "time", "cell": "nt512k4104", "dtype": "mlx.core.float16", "m": 512, "n": 4096, "kdim": 4104, "a_t": false, "b_t": true, "median_us": 3395.1, "tflops": 5.07, "tflops_best": 5.213}
{"k": "time", "cell": "bf16_nn4096", "dtype": "mlx.core.bfloat16", "m": 4096, "n": 4096, "kdim": 4096, "a_t": false, "b_t": false, "median_us": 51767.2, "tflops": 2.655, "tflops_best": 2.66}
{"k": "time", "cell": "bf16_nt4096", "dtype": "mlx.core.bfloat16", "m": 4096, "n": 4096, "kdim": 4096, "a_t": false, "b_t": true, "median_us": 42863.9, "tflops": 3.206, "tflops_best": 3.212}
{"k": "time", "cell": "f32_nn4096", "dtype": "mlx.core.float32", "m": 4096, "n": 4096, "kdim": 4096, "a_t": false, "b_t": false, "median_us": 51227.0, "tflops": 2.683, "tflops_best": 2.872}
{"k": "time", "cell": "f32_nt4096", "dtype": "mlx.core.float32", "m": 4096, "n": 4096, "kdim": 4096, "a_t": false, "b_t": true, "median_us": 85515.9, "tflops": 1.607, "tflops_best": 1.633}
{"k": "time", "cell": "transpose4096_f16", "median_us": 1481.6, "gb_s": 45.3}
{"k": "time", "cell": "q4_gate512", "m": 512, "n": 6144, "kdim": 2048, "median_us": 2744.3, "tflops": 4.695, "out_sha": "45c80660b32430fc"}
{"k": "time", "cell": "q4_down512", "m": 512, "n": 2048, "kdim": 6144, "median_us": 3120.3, "tflops": 4.129, "out_sha": "7046774e5d46b5dc"}
mlxcheck2 venv hash diffs vs H8 base: [] of 21
mlxcheck2 venv-land hash diffs vs H8 base: [] of 21
end 2026-10-07T05:19:49Z
