wheel_sha256 0a3ab728a801ab6576b98b94d8e2cf979d10f85b1d70be668708de4be243b4c3 mlx_omarchy-0.32.4.dev202610070939+cf71ea2-cp314-cp314-linux_aarch64.whl
pip mlx_omarchy 0.32.4.dev202610070939+cf71ea2
== device (from the wheel's own mlx-omarchy-info) ==
mlx-omarchy-info
  device:            Apple M1 Max (G13C C0)
  driver:            Honeykrisp
  driver info:       Mesa 26.3.0-devel (git-bbbfa36dce)
  driver SHA:        bbbfa36dce
  ICD:               ~/.local/share/coreglass/vulkan-4b-bbbfa36dce/honeykrisp_icd.aarch64.json
  ICD source:        override
  expected SHA:      
  expected SHA from: none (record only)
  api version:       1.4.362
  vendor:device id:  0x10005:0x0
  queue family:      0 (1 queues)
  total memory:      47480 MiB (device-local heap)
  unified memory:    yes
  host coherent:     yes
  timeline semaphore:yes
  shader float16:    yes
  shader int16:      yes
  16-bit storage:    yes
  max compute shm:   32768 B
  max wg invocations:1024
  storage buffer bindings (per stage / per set): 1048576 / 1048576
  ane fdt node:      yes
  ane compatible:    apple,t6000-ane
  ane accel0:        yes
  ane module:        yes
  ane available:     yes
  coreml frontend:   no
  coreml command:    no
  coreml cache:      ~/.cache/mlx-omarchy/coreml
  coreml cache ents: 0 (absent)
  device:            Apple M1 Max (G13C C0)
G13C_CHIP_OK G13C
== GPU probes (root: isolates the gate decision from permissions) ==
RESULT during=0 after=0
G13C_GATE default during=0 after=0
RESULT during=1 after=0
G13C_GATE forced during>=1 after=0
G13C_PASS receipt=~/v0730-assets/g-g13c-receipt-20261007T112547Z.log
