start 2026-10-09T09:29:11Z chip G13G kernel 7.1.12-2-12.6-sep-ARCH load 0.02
wheel 0.32.4.dev202610090004+2073579c
device Apple M1 (G13G B1)
vulkaninfo: 	apiVersion = 1.4.362;	driverVersion = 26.2.99;	deviceName = Apple M1 (G13G B1);	driverName = Honeykrisp;	driverInfo = Mesa 26.3.0-devel (git-6543eeb7df);
driver library sha256 3546bcafe8ed3995
test binary sha256 957ed9f82e0d155b
provenance: 0.32.4.dev202610090004+2073579c verified=match version_match=True
device test rc=0 [doctest] test cases:   1 |   1 passed | 0 failed | 6 skipped [doctest] assertions: 100 | 100 passed | 0 failed | [doctest] Status: SUCCESS! 
outlier false h8/8 lq 64 lk 64: max abs flash 0.00194971 composed 0.00194971 rel-L2 flash 0.00148166 composed 0.00148166 strict false
outlier false h8/2 lq 72 lk 72: max abs flash 0.00195252 composed 0.00195252 rel-L2 flash 0.00150047 composed 0.00150047 strict false
outlier false h8/1 lq 128 lk 128: max abs flash 0.00195256 composed 0.00195256 rel-L2 flash 0.00151173 composed 0.00151173 strict false
outlier false h8/2 lq 100 lk 200: max abs flash 0.000488031 composed 0.000488031 rel-L2 flash 0.00165542 composed 0.00165541 strict false
outlier false h8/8 lq 96 lk 512: max abs flash 0.000244212 composed 0.000244139 rel-L2 flash 0.00165196 composed 0.00165196 strict false
outlier false h4/1 lq 130 lk 1000: max abs flash 0.000240799 composed 0.000240799 rel-L2 flash 0.00165497 composed 0.00165497 strict false
outlier false h8/2 lq 512 lk 512: max abs flash 0.00195143 composed 0.00195143 rel-L2 flash 0.00153566 composed 0.00153566 strict false
outlier false h8/1 lq 1000 lk 1000: max abs flash 0.00194675 composed 0.00194675 rel-L2 flash 0.00153911 composed 0.00153911 strict false
outlier false h8/8 lq 1024 lk 1024: max abs flash 0.00194213 composed 0.00194213 rel-L2 flash 0.0015426 composed 0.0015426 strict false
outlier false h2/1 lq 2048 lk 2048: max abs flash 0.00194716 composed 0.00194716 rel-L2 flash 0.00154768 composed 0.00154768 strict false
outlier true h8/8 lq 64 lk 64: max abs flash 0.00195646 composed 0.00195646 rel-L2 flash 0.000553715 composed 0.000553727 strict true
outlier true h8/2 lq 72 lk 72: max abs flash 0.00196992 composed 0.00196992 rel-L2 flash 0.00056732 composed 0.000567315 strict false
outlier true h8/1 lq 128 lk 128: max abs flash 0.00198764 composed 0.00196554 rel-L2 flash 0.000689831 composed 0.000689791 strict false
outlier true h8/2 lq 100 lk 200: max abs flash 0.00201675 composed 0.00197309 rel-L2 flash 0.000893942 composed 0.000893934 strict false
outlier true h8/8 lq 96 lk 512: max abs flash 0.00196808 composed 0.00198097 rel-L2 flash 0.00102438 composed 0.0010244 strict true
outlier true h4/1 lq 130 lk 1000: max abs flash 0.00199397 composed 0.00203813 rel-L2 flash 0.00124307 composed 0.00124307 strict true
outlier true h8/2 lq 512 lk 512: max abs flash 0.00204839 composed 0.00205954 rel-L2 flash 0.00101133 composed 0.00101136 strict true
outlier true h8/1 lq 1000 lk 1000: max abs flash 0.00203315 composed 0.00201407 rel-L2 flash 0.00102218 composed 0.00102216 strict false
outlier true h8/8 lq 1024 lk 1024: max abs flash 0.00202076 composed 0.00203669 rel-L2 flash 0.00101111 composed 0.00101112 strict true
outlier true h2/1 lq 2048 lk 2048: max abs flash 0.00202132 composed 0.00201464 rel-L2 flash 0.00120074 composed 0.00120073 strict false
composed L=512,1024,2048: {"mode": "causal", "flash_min_l": null, "flash_env": null, "L": {"512": {"ms_median": 6.2347, "ms_min": 6.1123, "ms_all": [6.112, 6.166, 6.241, 6.261, 6.235], "max_err_head0": 0.006075382232666016, "mean_err_head0": 0.00014500711404252797}, "1024": {"ms_median": 21.6429, "ms_min": 21.6267, "ms_all": [21.627, 21.644, 21.64, 21.647, 21.643], "max_err_head0": 0.0038777589797973633, "mean_err_head0": 0.00010477719479240477}, "2048": {"ms_median": 82.2437, "ms_min": 82.2155, "ms_all": [82.221, 82.215, 82.244, 82.292, 82.315], "max_err_head0": 0.0039037466049194336, "mean_err_head0": 7.490463030990213e-05}}}
flash-rowp1 L=512,1024,2048: {"mode": "causal", "flash_min_l": null, "flash_env": null, "L": {"512": {"ms_median": 3.7826, "ms_min": 3.7489, "ms_all": [3.749, 3.792, 3.783, 3.78, 3.8], "max_err_head0": 0.006075382232666016, "mean_err_head0": 0.00014500772522296757}, "1024": {"ms_median": 13.5697, "ms_min": 13.5647, "ms_all": [13.565, 13.565, 13.591, 13.57, 13.583], "max_err_head0": 0.0038777589797973633, "mean_err_head0": 0.00010477763134986162}, "2048": {"ms_median": 51.277, "ms_min": 51.2242, "ms_all": [51.292, 51.32, 51.224, 51.26, 51.277], "max_err_head0": 0.0039037466049194336, "mean_err_head0": 7.490500865969807e-05}}}
composed L=512,1024,2048: {"mode": "causal", "flash_min_l": null, "flash_env": null, "L": {"512": {"ms_median": 6.2383, "ms_min": 6.1111, "ms_all": [6.111, 6.158, 6.245, 6.246, 6.238], "max_err_head0": 0.006075382232666016, "mean_err_head0": 0.00014500711404252797}, "1024": {"ms_median": 21.6447, "ms_min": 21.6036, "ms_all": [21.604, 21.645, 21.625, 21.671, 21.843], "max_err_head0": 0.0038777589797973633, "mean_err_head0": 0.00010477719479240477}, "2048": {"ms_median": 82.1837, "ms_min": 82.1699, "ms_all": [82.184, 82.193, 82.203, 82.17, 82.171], "max_err_head0": 0.0039037466049194336, "mean_err_head0": 7.490463030990213e-05}}}
flash-rowp1 L=512,1024,2048: {"mode": "causal", "flash_min_l": null, "flash_env": null, "L": {"512": {"ms_median": 3.78, "ms_min": 3.763, "ms_all": [3.763, 3.774, 3.78, 3.805, 3.793], "max_err_head0": 0.006075382232666016, "mean_err_head0": 0.00014500772522296757}, "1024": {"ms_median": 13.6337, "ms_min": 13.5593, "ms_all": [13.559, 13.634, 13.679, 13.646, 13.588], "max_err_head0": 0.0038777589797973633, "mean_err_head0": 0.00010477763134986162}, "2048": {"ms_median": 51.3087, "ms_min": 51.262, "ms_all": [51.262, 51.292, 51.309, 51.477, 51.31], "max_err_head0": 0.0039037466049194336, "mean_err_head0": 7.490500865969807e-05}}}
composed L=512,1024,2048: {"mode": "causal", "flash_min_l": null, "flash_env": null, "L": {"512": {"ms_median": 6.2311, "ms_min": 6.1042, "ms_all": [6.104, 6.143, 6.235, 6.238, 6.231], "max_err_head0": 0.006075382232666016, "mean_err_head0": 0.00014500711404252797}, "1024": {"ms_median": 21.6417, "ms_min": 21.5959, "ms_all": [21.596, 21.678, 21.638, 21.642, 21.643], "max_err_head0": 0.0038777589797973633, "mean_err_head0": 0.00010477719479240477}, "2048": {"ms_median": 82.2171, "ms_min": 82.197, "ms_all": [82.197, 82.222, 82.197, 82.238, 82.217], "max_err_head0": 0.0039037466049194336, "mean_err_head0": 7.490463030990213e-05}}}
flash-rowp1 L=512,1024,2048: {"mode": "causal", "flash_min_l": null, "flash_env": null, "L": {"512": {"ms_median": 3.7941, "ms_min": 3.7664, "ms_all": [3.766, 3.795, 3.794, 3.782, 3.797], "max_err_head0": 0.006075382232666016, "mean_err_head0": 0.00014500772522296757}, "1024": {"ms_median": 13.6079, "ms_min": 13.559, "ms_all": [13.559, 13.608, 13.597, 13.636, 13.624], "max_err_head0": 0.0038777589797973633, "mean_err_head0": 0.00010477763134986162}, "2048": {"ms_median": 51.2591, "ms_min": 51.2235, "ms_all": [51.224, 51.231, 51.329, 51.304, 51.259], "max_err_head0": 0.0039037466049194336, "mean_err_head0": 7.490500865969807e-05}}}
end 2026-10-09T09:33:19Z
