# 2026-10-06T21:14:58Z tag=h5-f16-direct-const boot=abc36fa1-7db1-4088-96ed-4523f5ad087e load=0.00 0.01 0.04 icd=/usr/lib/omarchy-mlx/vulkan/honeykrisp_icd.aarch64.json
# cmd: ./gemm-bench --dtype f16 --reps 6 --rounds 5 --side rb=sh/matmul_rb.comp:64:64:0 --side c=sh/matmul_coopmat_direct.comp:64:64:0 --side c48=sh/matmul_coopmat_direct.comp:64:128:0:-DSG_N=8 --side c84=sh/matmul_coopmat_direct.comp:128:64:0:-DSG_M=8 --side m16=sh/matmul_coopmat_direct.comp:64:64:0:-DMATSZ=16,-DSG_M=2,-DSG_N=2 --side m16b=sh/matmul_coopmat_direct.comp:64:128:0:-DMATSZ=16,-DSG_M=2,-DSG_N=4 --side c11=sh/matmul_coopmat_direct.comp:32:32:0:-DWG_M=1,-DWG_N=1
probing Apple M1 (G13G B1) api=1.4
sh/matmul_rb.comp
sh/matmul_coopmat_direct.comp
sh/matmul_coopmat_direct.comp
sh/matmul_coopmat_direct.comp
sh/matmul_coopmat_direct.comp
sh/matmul_coopmat_direct.comp
sh/matmul_coopmat_direct.comp
{"k":"coopmat_shape","mnk":[8,8,8],"abcr":[1,1,1,1],"scope":3}
{"k":"coopmat_shape","mnk":[8,8,8],"abcr":[0,0,1,1],"scope":3}
{"k":"coopmat_shape","mnk":[8,8,8],"abcr":[0,0,0,0],"scope":3}
{"k":"coopmat_shape","mnk":[16,16,16],"abcr":[1,1,1,1],"scope":3}
{"k":"coopmat_shape","mnk":[16,16,16],"abcr":[0,0,1,1],"scope":3}
{"k":"coopmat_shape","mnk":[16,16,16],"abcr":[0,0,0,0],"scope":3}
{"k":"dev","name":"Apple M1 (G13G B1)","subgroupSize":32,"coopmat":true}
{"k":"problem","dtype":"f16","m":4096,"n":4096,"kdim":4096,"a_t":0,"b_t":0,"samples":4096}
{"k":"accuracy","side":"rb","exact_rounded":0.99487,"mean_ulp":0.2498,"max_ulp":3.546,"nonfinite":0,"bits_vs_rb":0}
{"k":"accuracy","side":"c","exact_rounded":0.99487,"mean_ulp":0.2498,"max_ulp":3.546,"nonfinite":0,"bits_vs_rb":0}
{"k":"accuracy","side":"c48","exact_rounded":0.99487,"mean_ulp":0.2498,"max_ulp":3.546,"nonfinite":0,"bits_vs_rb":0}
{"k":"accuracy","side":"c84","exact_rounded":0.99487,"mean_ulp":0.2498,"max_ulp":3.546,"nonfinite":0,"bits_vs_rb":0}
{"k":"accuracy","side":"m16","exact_rounded":0.99487,"mean_ulp":0.2498,"max_ulp":3.546,"nonfinite":0,"bits_vs_rb":0}
{"k":"accuracy","side":"m16b","exact_rounded":0.99487,"mean_ulp":0.2498,"max_ulp":3.546,"nonfinite":0,"bits_vs_rb":0}
{"k":"accuracy","side":"c11","exact_rounded":0.99487,"mean_ulp":0.2498,"max_ulp":3.546,"nonfinite":0,"bits_vs_rb":0}
{"k":"time","side":"rb","median_us":229302.5,"min_us":229284.6,"max_us":229354.4,"tflops":0.599,"tflops_best":0.599}
{"k":"time","side":"c","median_us":79824.1,"min_us":79817.1,"max_us":79828.8,"tflops":1.722,"tflops_best":1.722}
{"k":"time","side":"c48","median_us":77367.9,"min_us":77334.4,"max_us":77377.5,"tflops":1.776,"tflops_best":1.777}
{"k":"time","side":"c84","median_us":77908.9,"min_us":77892.7,"max_us":77942.9,"tflops":1.764,"tflops_best":1.764}
{"k":"time","side":"m16","median_us":79591.5,"min_us":79582.8,"max_us":79599.4,"tflops":1.727,"tflops_best":1.727}
{"k":"time","side":"m16b","median_us":76770.8,"min_us":76762.2,"max_us":76777.9,"tflops":1.790,"tflops_best":1.790}
{"k":"time","side":"c11","median_us":80860.2,"min_us":80812.6,"max_us":80907.1,"tflops":1.700,"tflops_best":1.701}
# end 2026-10-06T21:15:23Z rc=0
