start 2026-10-10T19:20:10Z wheel 0.32.4.dev202610100224+4797d4f7 load 0.11
--- arm on load 0.07
done 0.32.4.dev202610100224+4797d4f7
{"rep": 0, "t0": 9616792639494, "t1": 9622033809067, "tok_s": 97.69}
{"rep": 1, "t0": 9622034130569, "t1": 9627256338277, "tok_s": 98.04}
{"rep": 2, "t0": 9627256600654, "t1": 9632485791819, "tok_s": 97.91}
--- arm off load 0.21
done 0.32.4.dev202610100224+4797d4f7
{"rep": 0, "t0": 9692697450912, "t1": 9713954948237, "tok_s": 24.09}
{"rep": 1, "t0": 9713955240946, "t1": 9735174099988, "tok_s": 24.13}
{"rep": 2, "t0": 9735174336364, "t1": 9756409741275, "tok_s": 24.11}
--- arm on load 0.14
done 0.32.4.dev202610100224+4797d4f7
{"rep": 0, "t0": 9800287564191, "t1": 9805502101732, "tok_s": 98.19}
{"rep": 1, "t0": 9805502514525, "t1": 9810757779043, "tok_s": 97.43}
{"rep": 2, "t0": 9810758069128, "t1": 9816005061991, "tok_s": 97.58}
--- arm off load 0.27
done 0.32.4.dev202610100224+4797d4f7
{"rep": 0, "t0": 9875866969219, "t1": 9897077870970, "tok_s": 24.14}
{"rep": 1, "t0": 9897078196346, "t1": 9918295183177, "tok_s": 24.13}
{"rep": 2, "t0": 9918295438137, "t1": 9939519590132, "tok_s": 24.12}
end 2026-10-10T19:26:20Z
